// Jest Snapshot v1, https://goo.gl/fbAQLP

exports[`<Player /> Renders... matches its snapshot 1`] = `
<div
  className="c-Player"
>
  <Debug
    currentCategory="all"
    currentSample="ambi_choir"
    isLoading={false}
    isLooping={false}
    isPlaying={false}
  />
  <Controls
    categories={
      Array [
        "all",
        "ambi",
        "bass",
        "bd",
        "drum",
        "elec",
        "guit",
        "loop",
        "misc",
        "perc",
        "sn",
        "tabla",
        "vinyl",
      ]
    }
    categorySelectorChangeHandler={[Function]}
    currentCategory="all"
    currentSample="ambi_choir"
    filteredSamples={
      Array [
        "ambi_choir",
        "ambi_dark_woosh",
        "ambi_drone",
        "ambi_glass_hum",
        "ambi_glass_rub",
        "ambi_haunted_hum",
        "ambi_lunar_land",
        "ambi_piano",
        "ambi_soft_buzz",
        "ambi_swoosh",
        "bass_dnb_f",
        "bass_drop_c",
        "bass_hard_c",
        "bass_hit_c",
        "bass_thick_c",
        "bass_trance_c",
        "bass_voxy_c",
        "bass_voxy_hit_c",
        "bass_woodsy_c",
        "bd_808",
        "bd_ada",
        "bd_boom",
        "bd_fat",
        "bd_gas",
        "bd_haus",
        "bd_klub",
        "bd_pure",
        "bd_sone",
        "bd_tek",
        "bd_zome",
        "bd_zum",
        "drum_bass_hard",
        "drum_bass_soft",
        "drum_cowbell",
        "drum_cymbal_closed",
        "drum_cymbal_hard",
        "drum_cymbal_open",
        "drum_cymbal_pedal",
        "drum_cymbal_soft",
        "drum_heavy_kick",
        "drum_roll",
        "drum_snare_hard",
        "drum_snare_soft",
        "drum_splash_hard",
        "drum_splash_soft",
        "drum_tom_hi_hard",
        "drum_tom_hi_soft",
        "drum_tom_lo_hard",
        "drum_tom_lo_soft",
        "drum_tom_mid_hard",
        "drum_tom_mid_soft",
        "elec_beep",
        "elec_bell",
        "elec_blip",
        "elec_blip2",
        "elec_blup",
        "elec_bong",
        "elec_chime",
        "elec_cymbal",
        "elec_filt_snare",
        "elec_flip",
        "elec_fuzz_tom",
        "elec_hi_snare",
        "elec_hollow_kick",
        "elec_lo_snare",
        "elec_mid_snare",
        "elec_ping",
        "elec_plip",
        "elec_pop",
        "elec_snare",
        "elec_soft_kick",
        "elec_tick",
        "elec_triangle",
        "elec_twang",
        "elec_twip",
        "elec_wood",
        "guit_e_fifths",
        "guit_e_slide",
        "guit_em9",
        "guit_harmonics",
        "loop_amen",
        "loop_amen_full",
        "loop_breakbeat",
        "loop_compus",
        "loop_garzul",
        "loop_industrial",
        "loop_mika",
        "loop_safari",
        "loop_tabla",
        "misc_burp",
        "misc_cineboom",
        "misc_crow",
        "perc_bell",
        "perc_snap",
        "perc_snap2",
        "perc_swash",
        "perc_till",
        "sn_dolf",
        "sn_dub",
        "sn_zome",
        "tabla_dhec",
        "tabla_ghe1",
        "tabla_ghe2",
        "tabla_ghe3",
        "tabla_ghe4",
        "tabla_ghe5",
        "tabla_ghe6",
        "tabla_ghe7",
        "tabla_ghe8",
        "tabla_ke1",
        "tabla_ke2",
        "tabla_ke3",
        "tabla_na",
        "tabla_na_o",
        "tabla_na_s",
        "tabla_re",
        "tabla_tas1",
        "tabla_tas2",
        "tabla_tas3",
        "tabla_te1",
        "tabla_te2",
        "tabla_te_m",
        "tabla_te_ne",
        "tabla_tun1",
        "tabla_tun2",
        "tabla_tun3",
        "vinyl_backspin",
        "vinyl_hiss",
        "vinyl_rewind",
        "vinyl_scratch",
      ]
    }
    isLoading={false}
    isLooping={false}
    isPlaying={false}
    loopCheckboxClickHandler={[Function]}
    playStopClickHandler={[Function]}
    sampleSelectorChangeHandler={[Function]}
    updateIsLoading={[Function]}
  />
  <Audio
    currentSample="ambi_choir"
    isLooping={false}
    isPlaying={false}
    sampleEndedHandler={[Function]}
    updateBufferLength={[Function]}
    updateIsLoading={[Function]}
    updateVisData={[Function]}
  />
  <Visualizer
    bufferLength={0}
    isPlaying={false}
    visData={null}
  />
</div>
`;
