// Jest Snapshot v1, https://goo.gl/fbAQLP

exports[`<LoopCheckbox /> Renders... matches its snapshot 1`] = `
<div
  className="c-loop-checkbox"
>
  Loop Sample:
   
  <input
    className="c-LoopCheckbox__input"
    defaultChecked={false}
    disabled={false}
    onClick={[Function]}
    type="checkbox"
  />
</div>
`;
