// Jest Snapshot v1, https://goo.gl/fbAQLP

exports[`<Select /> Renders... matches its snapshot 1`] = `
<select
  className="c-Select"
  disabled={false}
  onChange={[Function]}
  value=""
/>
`;
