// Jest Snapshot v1, https://goo.gl/fbAQLP

exports[`<PlayStop /> Renders... matches its snapshot 1`] = `
<div
  className="c-PlayStop"
>
  <button
    className="c-PlayStop__button"
    disabled={false}
    onClick={[Function]}
  >
    Play
  </button>
</div>
`;
